1760542217386:d
1760546396473:devices
1760546413430:scene
1760546421072:--scene night
1760546426796:scene night
1760546755892:hhelp
1760546759188:help
1760546777242:add-device
1760546789651:add-device door cloud
1760546798225:stacktrace
1760546836465:add-device door door
1760546856796:help
1760546864400:toggle
1760546872827:toggle door
1760546891566:help
1760546900718:device-types
1760615055303:help
1760615105627:add-device door
1760615120663:add-divice hachipuri door
1760615130155:shell:>
1760615140671:add-device hachipuri door
1760615204730:exit
1760681642382:help
1760682283365:scene night
1760682897064:devices
1760683805797:help
1760683816204:devices
1760683867307:stacktrace
1760684310645:devices
1760694830959:help
1760694849480:remove-device Front Door
1760694867271:remove-device Front\\Door
1760694877353:remove-device Front/Door
1760694914878:remove-device "Front Door"
1760694925019:stracktrace
1760694933145:stacktrace
1760694979511:remove-device 1
1760695697617:remove doors_1
1760695705246:remove-device doors_1
1760695727673:stacktrace
1760695809302:remove-device "doors_1"
1760696225059:help
1760696230368:remove-device doors_1
1760696269602:stacktrace
1760696295992:help
1760696302404:remove-device doors_1
1760696575387:devices
1760697031215:help
